C51 COMPILER V9.53.0.0   MAIN                                                              09/14/2015 11:29:51 PAGE 1   


C51 COMPILER V9.53.0.0, COMPILATION OF MODULE MAIN
OBJECT MODULE PLACED IN main.OBJ
COMPILER INVOKED BY: C:\Keil_v5\C51\BIN\C51.EXE main.c OPTIMIZE(8,SIZE) OPTIMIZE(8,SIZE) BROWSE DEBUG OBJECTEXTEND TABS(
                    -2)

line level    source

   1          
   2          #include <Nordic\reg9e5.h>
   3          #include "util.h"
   4          #include "uart.h"
   5          #include "radio.h"
   6          #include "eeprom.h"
   7          //#include "nrf9e5.h"
   8          
   9          void ChangeID(unsigned char, unsigned char);
  10          void DisplayID(void);
  11          
  12          void main(void){
  13   1        
  14   1        unsigned char uniqueID;
  15   1        unsigned char groupID;
  16   1        unsigned char flag_pressed = 0;
  17   1        
  18   1        InitPin(3,1);
  19   1        InitPin(5,1);
  20   1        InitUART();
  21   1        InitRF();
  22   1        InitEEPROM();
  23   1        PutString("\r\nPlease press SW2 or SW3.");
  24   1        
  25   1        //SW2 or SW3
  26   1        while(1){
  27   2          if(P03 == 0){
  28   3            
  29   3            PutString("\r\nPlease enter new groupID: ");
  30   3            GetChar(&groupID);
  31   3            //groupID -= 0x30;
  32   3            
  33   3            PutString("\r\nPlease enter new uniqueID: ");
  34   3            GetChar(&uniqueID);
  35   3            //uniqueID -= 0x30;
  36   3            
  37   3            ChangeID(groupID, uniqueID);
  38   3            DisplayID();
  39   3            
  40   3          }else if(P05 == 0 && flag_pressed == 0){
  41   3            flag_pressed = 1;
  42   3            DisplayID();
  43   3          }else if(P05 == 1 && flag_pressed == 1){
  44   3            flag_pressed = 0;
  45   3          }
  46   2        } 
  47   1      }
  48          
  49          
  50          
  51          void ChangeID(unsigned char groupID, unsigned char uniqueID){
  52   1        EEWrite(3900, groupID);
  53   1        EEWrite(3901, uniqueID);
  54   1      }
C51 COMPILER V9.53.0.0   MAIN                                                              09/14/2015 11:29:51 PAGE 2   

  55          
  56          void DisplayID(void){
  57   1        unsigned char group, unique;
  58   1        
  59   1        group = EERead(3900);
  60   1        unique = EERead(3901);
  61   1        
  62   1        PutString("\r\nCurrent groupID & uniqueID is: ");
  63   1        PutChar(group);
  64   1        PutChar(0x20);
  65   1        PutChar(unique);
  66   1        
  67   1      }


MODULE INFORMATION:   STATIC OVERLAYABLE
   CODE SIZE        =    173    ----
   CONSTANT SIZE    =    120    ----
   XDATA SIZE       =   ----    ----
   PDATA SIZE       =   ----    ----
   DATA SIZE        =   ----       6
   IDATA SIZE       =   ----    ----
   BIT SIZE         =   ----    ----
END OF MODULE INFORMATION.


C51 COMPILATION COMPLETE.  0 WARNING(S),  0 ERROR(S)
